// Vitest Snapshot v1, https://vitest.dev/guide/snapshot.html

exports[`App component should match snapshot 1`] = `null`;
